
  .   ____          _            __ _ _
 /\\ / ___'_ __ _ _(_)_ __  __ _ \ \ \ \
( ( )\___ | '_ | '_| | '_ \/ _` | \ \ \ \
 \\/  ___)| |_)| | | | | || (_| |  ) ) ) )
  '  |____| .__|_| |_|_| |_\__, | / / / /
 =========|_|==============|___/=/_/_/_/

 :: Spring Boot ::                (v3.4.3)

2026-02-15T21:45:48.335+05:30  INFO 10569 --- [smart-notebook] [           main] o.s.s.SmartNotebookApplication           : Starting SmartNotebookApplication v0.0.1-SNAPSHOT using Java 21.0.10 with PID 10569 (/Users/shubham/Documents/prep/smart-notebook/target/smart-notebook-0.0.1-SNAPSHOT.jar started by shubham in /Users/shubham/Documents/prep/smart-notebook)
2026-02-15T21:45:48.336+05:30 DEBUG 10569 --- [smart-notebook] [           main] o.s.s.SmartNotebookApplication           : Running with Spring Boot v3.4.3, Spring v6.2.3
2026-02-15T21:45:48.336+05:30  INFO 10569 --- [smart-notebook] [           main] o.s.s.SmartNotebookApplication           : The following 1 profile is active: "local"
2026-02-15T21:45:49.029+05:30  INFO 10569 --- [smart-notebook] [           main] .s.d.r.c.RepositoryConfigurationDelegate : Multiple Spring Data modules found, entering strict repository configuration mode
2026-02-15T21:45:49.029+05:30  INFO 10569 --- [smart-notebook] [           main] .s.d.r.c.RepositoryConfigurationDelegate : Bootstrapping Spring Data JDBC repositories in DEFAULT mode.
2026-02-15T21:45:49.044+05:30  INFO 10569 --- [smart-notebook] [           main] .RepositoryConfigurationExtensionSupport : Spring Data JDBC - Could not safely identify store assignment for repository candidate interface org.sirohi.smartnotebook.repository.ChatMessageRepository; If you want this repository to be a JDBC repository, consider annotating your entities with one of these annotations: org.springframework.data.relational.core.mapping.Table.
2026-02-15T21:45:49.045+05:30  INFO 10569 --- [smart-notebook] [           main] .RepositoryConfigurationExtensionSupport : Spring Data JDBC - Could not safely identify store assignment for repository candidate interface org.sirohi.smartnotebook.repository.ChatRepository; If you want this repository to be a JDBC repository, consider annotating your entities with one of these annotations: org.springframework.data.relational.core.mapping.Table.
2026-02-15T21:45:49.045+05:30  INFO 10569 --- [smart-notebook] [           main] .RepositoryConfigurationExtensionSupport : Spring Data JDBC - Could not safely identify store assignment for repository candidate interface org.sirohi.smartnotebook.repository.DocumentRepository; If you want this repository to be a JDBC repository, consider annotating your entities with one of these annotations: org.springframework.data.relational.core.mapping.Table.
2026-02-15T21:45:49.045+05:30  INFO 10569 --- [smart-notebook] [           main] .RepositoryConfigurationExtensionSupport : Spring Data JDBC - Could not safely identify store assignment for repository candidate interface org.sirohi.smartnotebook.repository.NotebookRepository; If you want this repository to be a JDBC repository, consider annotating your entities with one of these annotations: org.springframework.data.relational.core.mapping.Table.
2026-02-15T21:45:49.046+05:30  INFO 10569 --- [smart-notebook] [           main] .s.d.r.c.RepositoryConfigurationDelegate : Finished Spring Data repository scanning in 13 ms. Found 0 JDBC repository interfaces.
2026-02-15T21:45:49.051+05:30  INFO 10569 --- [smart-notebook] [           main] .s.d.r.c.RepositoryConfigurationDelegate : Multiple Spring Data modules found, entering strict repository configuration mode
2026-02-15T21:45:49.052+05:30  INFO 10569 --- [smart-notebook] [           main] .s.d.r.c.RepositoryConfigurationDelegate : Bootstrapping Spring Data JPA repositories in DEFAULT mode.
2026-02-15T21:45:49.117+05:30  INFO 10569 --- [smart-notebook] [           main] .s.d.r.c.RepositoryConfigurationDelegate : Finished Spring Data repository scanning in 62 ms. Found 4 JPA repository interfaces.
2026-02-15T21:45:49.527+05:30  INFO 10569 --- [smart-notebook] [           main] o.s.b.w.embedded.tomcat.TomcatWebServer  : Tomcat initialized with port 8080 (http)
2026-02-15T21:45:49.535+05:30  INFO 10569 --- [smart-notebook] [           main] o.apache.catalina.core.StandardService   : Starting service [Tomcat]
2026-02-15T21:45:49.535+05:30  INFO 10569 --- [smart-notebook] [           main] o.apache.catalina.core.StandardEngine    : Starting Servlet engine: [Apache Tomcat/10.1.36]
2026-02-15T21:45:49.552+05:30  INFO 10569 --- [smart-notebook] [           main] o.a.c.c.C.[Tomcat].[localhost].[/]       : Initializing Spring embedded WebApplicationContext
2026-02-15T21:45:49.553+05:30  INFO 10569 --- [smart-notebook] [           main] w.s.c.ServletWebServerApplicationContext : Root WebApplicationContext: initialization completed in 1177 ms
2026-02-15T21:45:49.778+05:30  INFO 10569 --- [smart-notebook] [           main] com.zaxxer.hikari.HikariDataSource       : HikariPool-1 - Starting...
2026-02-15T21:45:49.970+05:30  INFO 10569 --- [smart-notebook] [           main] com.zaxxer.hikari.pool.HikariPool        : HikariPool-1 - Added connection org.postgresql.jdbc.PgConnection@2bcb1414
2026-02-15T21:45:49.971+05:30  INFO 10569 --- [smart-notebook] [           main] com.zaxxer.hikari.HikariDataSource       : HikariPool-1 - Start completed.
2026-02-15T21:45:49.993+05:30  INFO 10569 --- [smart-notebook] [           main] org.flywaydb.core.FlywayExecutor         : Database: jdbc:postgresql://localhost:58718/smartnotebook (PostgreSQL 16.12)
2026-02-15T21:45:50.079+05:30  INFO 10569 --- [smart-notebook] [           main] o.f.core.internal.command.DbValidate     : Successfully validated 11 migrations (execution time 00:00.057s)
2026-02-15T21:45:50.133+05:30  INFO 10569 --- [smart-notebook] [           main] o.f.core.internal.command.DbMigrate      : Current version of schema "public": 11
2026-02-15T21:45:50.137+05:30  INFO 10569 --- [smart-notebook] [           main] o.f.core.internal.command.DbMigrate      : Schema "public" is up to date. No migration necessary.
2026-02-15T21:45:50.239+05:30  INFO 10569 --- [smart-notebook] [           main] o.hibernate.jpa.internal.util.LogHelper  : HHH000204: Processing PersistenceUnitInfo [name: default]
2026-02-15T21:45:50.319+05:30  INFO 10569 --- [smart-notebook] [           main] org.hibernate.Version                    : HHH000412: Hibernate ORM core version 6.6.8.Final
2026-02-15T21:45:50.355+05:30  INFO 10569 --- [smart-notebook] [           main] o.h.c.internal.RegionFactoryInitiator    : HHH000026: Second-level cache disabled
2026-02-15T21:45:50.570+05:30  INFO 10569 --- [smart-notebook] [           main] o.s.o.j.p.SpringPersistenceUnitInfo      : No LoadTimeWeaver setup: ignoring JPA class transformer
2026-02-15T21:45:50.622+05:30  INFO 10569 --- [smart-notebook] [           main] org.hibernate.orm.connections.pooling    : HHH10001005: Database info:
	Database JDBC URL [Connecting through datasource 'HikariDataSource (HikariPool-1)']
	Database driver: undefined/unknown
	Database version: 16.12
	Autocommit mode: undefined/unknown
	Isolation level: undefined/unknown
	Minimum pool size: undefined/unknown
	Maximum pool size: undefined/unknown
2026-02-15T21:45:51.451+05:30  INFO 10569 --- [smart-notebook] [           main] o.h.e.t.j.p.i.JtaPlatformInitiator       : HHH000489: No JTA platform available (set 'hibernate.transaction.jta.platform' to enable JTA platform integration)
2026-02-15T21:45:51.493+05:30  INFO 10569 --- [smart-notebook] [           main] j.LocalContainerEntityManagerFactoryBean : Initialized JPA EntityManagerFactory for persistence unit 'default'
2026-02-15T21:45:51.735+05:30  INFO 10569 --- [smart-notebook] [           main] o.s.d.j.r.query.QueryEnhancerFactory     : Hibernate is in classpath; If applicable, HQL parser will be used.
2026-02-15T21:45:52.419+05:30  INFO 10569 --- [smart-notebook] [           main] o.s.s.service.FileStorageService         : Upload directory: /Users/shubham/Documents/prep/smart-notebook/uploads
2026-02-15T21:45:52.882+05:30  INFO 10569 --- [smart-notebook] [           main] o.s.b.a.e.web.EndpointLinksResolver      : Exposing 2 endpoints beneath base path '/actuator'
2026-02-15T21:45:52.926+05:30  INFO 10569 --- [smart-notebook] [           main] o.s.b.w.embedded.tomcat.TomcatWebServer  : Tomcat started on port 8080 (http) with context path '/'
2026-02-15T21:45:52.939+05:30  INFO 10569 --- [smart-notebook] [           main] o.s.s.SmartNotebookApplication           : Started SmartNotebookApplication in 4.913 seconds (process running for 5.5)
2026-02-15T21:46:14.102+05:30  INFO 10569 --- [smart-notebook] [nio-8080-exec-1] o.a.c.c.C.[Tomcat].[localhost].[/]       : Initializing Spring DispatcherServlet 'dispatcherServlet'
2026-02-15T21:46:14.102+05:30  INFO 10569 --- [smart-notebook] [nio-8080-exec-1] o.s.web.servlet.DispatcherServlet        : Initializing Servlet 'dispatcherServlet'
2026-02-15T21:46:14.104+05:30  INFO 10569 --- [smart-notebook] [nio-8080-exec-1] o.s.web.servlet.DispatcherServlet        : Completed initialization in 2 ms
2026-02-15T21:57:26.625+05:30  INFO 10569 --- [smart-notebook] [nio-8080-exec-2] o.s.s.service.FileStorageService         : Stored file: /Users/shubham/Documents/prep/smart-notebook/uploads/3e413ae7-8286-48c9-a0d3-45dfffc820f1-test_dynamic_model.txt
2026-02-15T21:59:11.469+05:30  INFO 10569 --- [smart-notebook] [nio-8080-exec-8] o.s.s.service.FileStorageService         : Stored file: /Users/shubham/Documents/prep/smart-notebook/uploads/7e7b6492-3949-4a26-99ee-ceb5932160ed-test_dynamic_model.txt
2026-02-15T22:00:51.961+05:30  INFO 10569 --- [smart-notebook] [nio-8080-exec-2] o.s.s.service.FileStorageService         : Stored file: /Users/shubham/Documents/prep/smart-notebook/uploads/165e17fd-f589-4818-b5f4-c6730c57d848-test_dynamic_model.txt
